// Jest Snapshot v1, https://goo.gl/fbAQLP

exports[`<Video /> Snapshot should match snapshot 1`] = `
.c10 {
  background-color: red;
  padding: 7px 20px 5px;
  border: none;
  font-size: 12px;
  box-shadow: inset 1px 1px 0px 1px #ffffff, inset 0 0 0 1px #868a8e,1px 1px 0 0px #000000;
}

.c10:disabled {
  color: #868a8e;
}

.c10:focus {
  outline: 1px dotted #000000;
  outline-offset: -5px;
  box-shadow: inset 1px 1px 0px 1px #ffffff, inset -0.5px -0.5px 0px 1px #868a8e, 1px 1px 0 1px #000000;
}

.c10:active {
  padding: 8px 20px 4px;
  outline: 1px dotted #000000;
  outline-offset: -5px;
  box-shadow: inset 0 0 0 1px #868a8e, 0 0 0 1px #000000;
}

.c0 {
  background-color: #c3c7cb;
  width: auto;
  height: auto;
  box-shadow: inset 0.5px 0.5px 0px 0.5px #ffffff, inset 0 0 0 1px #868a8e, 1px 0px 0 0px #000000, 0px 1px 0 0px #000000, 1px 1px 0 0px #000000;
  padding: 2px;
}

.c3 {
  background-color: #c3c7cb;
  max-width: 250px;
  width: auto;
  height: auto;
  box-shadow: inset 0.5px 0.5px 0px 0.5px #ffffff, inset 0 0 0 1px #868a8e, 1px 0px 0 0px #000000, 0px 1px 0 0px #000000, 1px 1px 0 0px #000000;
  margin-right: auto;
  margin-left: auto;
  margin-bottom: 4px;
}

.c5 {
  background-color: #c3c7cb;
  width: auto;
  height: auto;
  box-shadow: inset 0.5px 0.5px 0px 0.5px #ffffff, inset 0 0 0 1px #868a8e, 1px 0px 0 0px #000000, 0px 1px 0 0px #000000, 1px 1px 0 0px #000000;
}

.c7 {
  background-color: #c3c7cb;
  display: -webkit-box;
  display: -webkit-flex;
  display: -ms-flexbox;
  display: flex;
  -webkit-flex-direction: column;
  -ms-flex-direction: column;
  flex-direction: column;
  display: -webkit-box;
  display: -webkit-flex;
  display: -ms-flexbox;
  display: flex;
  width: 40%;
  height: auto;
  box-shadow: inset 0.5px 0.5px 0px 0.5px #ffffff, inset 0 0 0 1px #868a8e, 1px 0px 0 0px #000000, 0px 1px 0 0px #000000, 1px 1px 0 0px #000000;
}

.c12 {
  -webkit-appearance: none;
  width: 100%;
}

.c12:hover,
.c12:focus,
.c12:active {
  outline: none;
}

.c12::-webkit-slider-runnable-track {
  width: 100%;
  height: 4px;
  background: #000000;
  cursor: pointer;
  border-top: 1px solid;
  border-top-color: #d2d2d2;
  border-right: 2px solid;
  border-right-color: #ffffff;
  border-bottom: 1px solid;
  border-bottom-color: #e6e6e6;
  border-left: 2px solid;
  border-left-color: #ffffff;
  box-shadow: 0px 1px 0px 0px #ffffff;
}

.c12::-webkit-slider-thumb {
  width: 12px;
  height: 20px;
  background-color: #c3c7cb;
  cursor: pointer;
  margin-top: -8px;
  border-top: 1px solid;
  border-top-color: #ffffff;
  border-right: 1px solid;
  border-right-color: #000000;
  border-bottom: 1px solid;
  border-bottom-color: #000000;
  border-left: 1px solid;
  border-left-color: #ffffff;
  box-shadow: inset 0px -1px 0px #868a8e, inset -1px 0px 0px #868a8e, inset 0px 1px 0px #e6e6e6, inset 1px 0px 0px #e6e6e6;
  -webkit-appearance: none;
}

.c12:focus::-webkit-slider-runnable-track {
  background: #000000;
}

.c12::-moz-range-track {
  width: 100%;
  height: 4px;
  background: #000000;
  cursor: pointer;
  border-top: 1px solid;
  border-top-color: #d2d2d2;
  border-right: 2px solid;
  border-right-color: #ffffff;
  border-bottom: 1px solid;
  border-bottom-color: #e6e6e6;
  border-left: 2px solid;
  border-left-color: #ffffff;
  box-shadow: 0px 1px 0px 0px #ffffff;
}

.c12::-moz-range-thumb {
  width: 12px;
  height: 20px;
  background-color: #c3c7cb;
  cursor: pointer;
  margin-top: -8px;
  border-top: 1px solid;
  border-top-color: #ffffff;
  border-right: 1px solid;
  border-right-color: #000000;
  border-bottom: 1px solid;
  border-bottom-color: #000000;
  border-left: 1px solid;
  border-left-color: #ffffff;
  box-shadow: inset 0px -1px 0px #868a8e, inset -1px 0px 0px #868a8e, inset 0px 1px 0px #e6e6e6, inset 1px 0px 0px #e6e6e6;
  -webkit-appearance: none;
}

.c2 {
  width: 100%;
  padding: 2px;
  display: none;
}

.c11 {
  display: -webkit-inline-box;
  display: -webkit-inline-flex;
  display: -ms-inline-flexbox;
  display: inline-flex;
  -webkit-box-pack: center;
  -webkit-justify-content: center;
  -ms-flex-pack: center;
  justify-content: center;
  -webkit-align-items: center;
  -webkit-box-align: center;
  -ms-flex-align: center;
  align-items: center;
}

.c11.c11,
.c11:active,
.c11:focus {
  width: 20px;
  height: 20px;
  padding: 7px;
  padding: 4px;
}

.c11.c11 svg,
.c11:active svg,
.c11:focus svg {
  fill: #868a8e;
  border-bottom: 1px solid white;
  border-right: 1px solid white;
}

.c1 {
  height: 18px;
  margin-bottom: 2px;
  color: #ffffff;
  padding: 0 2px;
  display: -webkit-box;
  display: -webkit-flex;
  display: -ms-flexbox;
  display: flex;
  -webkit-align-items: center;
  -webkit-box-align: center;
  -ms-flex-align: center;
  align-items: center;
  background-color: #000e7a;
}

.c9 {
  display: -webkit-box;
  display: -webkit-flex;
  display: -ms-flexbox;
  display: flex;
  -webkit-align-items: center;
  -webkit-box-align: center;
  -ms-flex-align: center;
  align-items: center;
  padding: 2px 0;
}

.c6 {
  display: -webkit-box;
  display: -webkit-flex;
  display: -ms-flexbox;
  display: flex;
  padding: 6px;
  margin-bottom: 4px;
  box-shadow: inset 0px 0px 0px 0px, inset 1px 1px 0px 0px #868a8e, 0.5px 0.5px 0px 0.5px #ffffff;
  background-color: #000000;
  height: 50px;
  color: #ffffff;
}

.c8 {
  font-family: 'React95Video-Numbers';
  text-transform: uppercase;
}

.c4 {
  background-color: transparent;
  box-shadow: none;
}

.c13::-webkit-slider-thumb {
  height: 18px;
  margin-top: -7px;
  width: 10px;
}

.c13[value='0']::-webkit-slider-thumb {
  margin-left: -2px;
}

<div>
  <div
    class="c0"
    height="auto"
    style="width: 260px;"
    width="auto"
  >
    <div
      class="c1"
    >
      <img
        height="16"
        src="test-file-stub"
        style="margin-right: 4px; width: 16px; height: 16px;"
        width="16"
      />
      some_video.mp4
       (Opening)
    </div>
    <video
      class="c2"
    >
      <source
        src="foo/bar/some_video.mp4"
        type="video/mp4"
      />
    </video>
    <div
      class="c3 c4"
      height="auto"
      width="auto"
    >
      <div
        class="c5 c6"
        height="auto"
        width="auto"
      >
        <div
          class="c7 c4"
          display="flex"
          height="auto"
          width="40%"
        >
          <span
            class="c8"
            style="margin-top: auto;"
          />
          <span
            class="c8"
            style="height: 12px;"
          >
            Openning
          </span>
        </div>
        <div
          class="c7 c4"
          display="flex"
          height="auto"
          width="40%"
        >
          <span
            class="c8"
            style="margin-top: auto; font-size: 22px;"
          />
          <span
            class="c8"
            style="height: 12px;"
          >
            time
          </span>
        </div>
      </div>
      <div
        class="c9"
      >
        <button
          class="c10 c11"
          disabled=""
        >
          <img
            height="32"
            src="test-file-stub"
            width="32"
          />
        </button>
        <button
          class="c10 c11"
          disabled=""
        >
          <svg
            aria-label="stop"
            height="6"
            width="6"
            xmlns="http://www.w3.org/2000/svg"
          >
            <path
              d="M0 0h306v306H0z"
            />
          </svg>
        </button>
        <input
          class="c12 c13"
          max="100"
          min="0"
          step="1"
          style="width: 70%; margin-left: 20px;"
          type="range"
          value="0"
        />
      </div>
    </div>
  </div>
</div>
`;
